Test Report
===========

main module does not exist in your solution.
